[     382ms] [INFO] %cDownload the React DevTools for a better development experience: https://react.dev/link/react-devtools font-weight:bold @ http://localhost:3000/_next/static/chunks/0fj1_next_dist_02rr1v5._.js:2431
[     432ms] [LOG] [HMR] connected @ http://localhost:3000/_next/static/chunks/0fj1_next_dist_02rr1v5._.js:2431
[  316818ms] [VERBOSE] [DOM] Input elements should have autocomplete attributes (suggested: "new-password"): (More info: https://goo.gl/9p2vKq) %o @ http://localhost:3000/register:0
[  316819ms] [VERBOSE] [DOM] Input elements should have autocomplete attributes (suggested: "new-password"): (More info: https://goo.gl/9p2vKq) %o @ http://localhost:3000/register:0
[  465069ms] [ERROR] WebSocket connection to 'ws://localhost:3000/_next/webpack-hmr?id=ga9d8_8BUgDNNZJAgdWnO' failed: Error in connection establishment: net::ERR_CONNECTION_REFUSED @ http://localhost:3000/_next/static/chunks/0fj1_next_dist_client_02ewzwy._.js:13299
[  466072ms] [ERROR] WebSocket connection to 'ws://localhost:3000/_next/webpack-hmr?id=ga9d8_8BUgDNNZJAgdWnO' failed: Error in connection establishment: net::ERR_CONNECTION_REFUSED @ http://localhost:3000/_next/static/chunks/0fj1_next_dist_client_02ewzwy._.js:13299
[  467075ms] [ERROR] WebSocket connection to 'ws://localhost:3000/_next/webpack-hmr?id=ga9d8_8BUgDNNZJAgdWnO' failed: Error in connection establishment: net::ERR_CONNECTION_REFUSED @ http://localhost:3000/_next/static/chunks/0fj1_next_dist_client_02ewzwy._.js:13299
[  468078ms] [ERROR] WebSocket connection to 'ws://localhost:3000/_next/webpack-hmr?id=ga9d8_8BUgDNNZJAgdWnO' failed: Error in connection establishment: net::ERR_CONNECTION_REFUSED @ http://localhost:3000/_next/static/chunks/0fj1_next_dist_client_02ewzwy._.js:13299
[  469083ms] [ERROR] WebSocket connection to 'ws://localhost:3000/_next/webpack-hmr?id=ga9d8_8BUgDNNZJAgdWnO' failed: Error in connection establishment: net::ERR_CONNECTION_REFUSED @ http://localhost:3000/_next/static/chunks/0fj1_next_dist_client_02ewzwy._.js:13299
[  474088ms] [ERROR] WebSocket connection to 'ws://localhost:3000/_next/webpack-hmr?id=ga9d8_8BUgDNNZJAgdWnO' failed: Error in connection establishment: net::ERR_CONNECTION_REFUSED @ http://localhost:3000/_next/static/chunks/0fj1_next_dist_client_02ewzwy._.js:13299
[  479099ms] [ERROR] WebSocket connection to 'ws://localhost:3000/_next/webpack-hmr?id=ga9d8_8BUgDNNZJAgdWnO' failed: Error in connection establishment: net::ERR_CONNECTION_REFUSED @ http://localhost:3000/_next/static/chunks/0fj1_next_dist_client_02ewzwy._.js:13299
[  484120ms] [ERROR] WebSocket connection to 'ws://localhost:3000/_next/webpack-hmr?id=ga9d8_8BUgDNNZJAgdWnO' failed: Error in connection establishment: net::ERR_CONNECTION_REFUSED @ http://localhost:3000/_next/static/chunks/0fj1_next_dist_client_02ewzwy._.js:13299
[  489138ms] [ERROR] WebSocket connection to 'ws://localhost:3000/_next/webpack-hmr?id=ga9d8_8BUgDNNZJAgdWnO' failed: Error in connection establishment: net::ERR_CONNECTION_REFUSED @ http://localhost:3000/_next/static/chunks/0fj1_next_dist_client_02ewzwy._.js:13299
[  494201ms] [ERROR] WebSocket connection to 'ws://localhost:3000/_next/webpack-hmr?id=ga9d8_8BUgDNNZJAgdWnO' failed: Error in connection establishment: net::ERR_CONNECTION_REFUSED @ http://localhost:3000/_next/static/chunks/0fj1_next_dist_client_02ewzwy._.js:13299
[  499280ms] [ERROR] WebSocket connection to 'ws://localhost:3000/_next/webpack-hmr?id=ga9d8_8BUgDNNZJAgdWnO' failed: Error in connection establishment: net::ERR_CONNECTION_REFUSED @ http://localhost:3000/_next/static/chunks/0fj1_next_dist_client_02ewzwy._.js:13299
[  504426ms] [ERROR] WebSocket connection to 'ws://localhost:3000/_next/webpack-hmr?id=ga9d8_8BUgDNNZJAgdWnO' failed: Error in connection establishment: net::ERR_CONNECTION_REFUSED @ http://localhost:3000/_next/static/chunks/0fj1_next_dist_client_02ewzwy._.js:13299
[  602378ms] [INFO] %cDownload the React DevTools for a better development experience: https://react.dev/link/react-devtools font-weight:bold @ http://localhost:3000/_next/static/chunks/0fj1_next_dist_02rr1v5._.js:2431
[  602451ms] [VERBOSE] [DOM] Input elements should have autocomplete attributes (suggested: "new-password"): (More info: https://goo.gl/9p2vKq) %o @ http://localhost:3000/register:0
[  602451ms] [VERBOSE] [DOM] Input elements should have autocomplete attributes (suggested: "new-password"): (More info: https://goo.gl/9p2vKq) %o @ http://localhost:3000/register:0
[  602457ms] [LOG] [HMR] connected @ http://localhost:3000/_next/static/chunks/0fj1_next_dist_02rr1v5._.js:2431
[  750468ms] [LOG] [Fast Refresh] rebuilding @ http://localhost:3000/_next/static/chunks/0fj1_next_dist_02rr1v5._.js:2431
[  754186ms] [ERROR] Failed to load resource: the server responded with a status of 500 (Internal Server Error) @ http://localhost:3000/register?_rsc=4nfpm:0
[  755026ms] [ERROR] Failed to load resource: the server responded with a status of 500 (Internal Server Error) @ http://localhost:3000/register?_rsc=4nfpm:0
[  755506ms] [ERROR] Failed to load resource: the server responded with a status of 500 (Internal Server Error) @ http://localhost:3000/register:0
[  756678ms] [INFO] %cDownload the React DevTools for a better development experience: https://react.dev/link/react-devtools font-weight:bold @ http://localhost:3000/_next/static/chunks/02c8_react-dom_03qx55-._.js:15305
[  756892ms] Error: ./Documents/code/DemoProjects/TodoApp/todo_frontend/middleware.ts
Middleware is missing expected function export name
This function is what Next.js runs for every request handled by this middleware.

Why this happens:
- The file exists but doesn't export a function.
- The export is not a function (e.g., an object or constant).
- There's a syntax error preventing the export from being recognized.

To fix it:
- Ensure this file has either a default or "middleware" function export.

Learn more: https://nextjs.org/docs/messages/middleware-to-proxy


    at Object.getCompilationErrors (file:///home/zenox9867/Documents/code/DemoProjects/TodoApp/todo_frontend/node_modules/.pnpm/next@16.2.1_@babel+core@7.29.0_react-dom@19.2.4_react@19.2.4__react@19.2.4/node_modules/next/dist/server/dev/hot-reloader-turbopack.js:1189:59)
    at DevBundlerService.getCompilationError (file:///home/zenox9867/Documents/code/DemoProjects/TodoApp/todo_frontend/node_modules/.pnpm/next@16.2.1_@babel+core@7.29.0_react-dom@19.2.4_react@19.2.4__react@19.2.4/node_modules/next/dist/server/lib/dev-bundler-service.js:44:55)
    at DevServer.getCompilationError (file:///home/zenox9867/Documents/code/DemoProjects/TodoApp/todo_frontend/node_modules/.pnpm/next@16.2.1_@babel+core@7.29.0_react-dom@19.2.4_react@19.2.4__react@19.2.4/node_modules/next/dist/server/dev/next-dev-server.js:719:42)
    at DevServer.findPageComponents (file:///home/zenox9867/Documents/code/DemoProjects/TodoApp/todo_frontend/node_modules/.pnpm/next@16.2.1_@babel+core@7.29.0_react-dom@19.2.4_react@19.2.4__react@19.2.4/node_modules/next/dist/server/dev/next-dev-server.js:689:43)
    at async DevServer.renderErrorToResponseImpl (file:///home/zenox9867/Documents/code/DemoProjects/TodoApp/todo_frontend/node_modules/.pnpm/next@16.2.1_@babel+core@7.29.0_react-dom@19.2.4_react@19.2.4__react@19.2.4/node_modules/next/dist/server/base-server.js:1745:26)
[  756892ms] [LOG] [HMR] connected @ http://localhost:3000/_next/static/chunks/0fj1_next_dist_04rjxlk._.js:1226
[  756905ms] [ERROR] ./Documents/code/DemoProjects/TodoApp/todo_frontend/middleware.ts
Middleware is missing expected function export name
This function is what Next.js runs for every request handled by this middleware.

Why this happens:
- The file exists but doesn't export a function.
- The export is not a function (e.g., an object or constant).
- There's a syntax error preventing the export from being recognized.

To fix it:
- Ensure this file has either a default or "middleware" function export.

Learn more: https://nextjs.org/docs/messages/middleware-to-proxy @ http://localhost:3000/_next/static/chunks/0fj1_next_dist_04rjxlk._.js:1945
[ 1711107ms] [LOG] [Fast Refresh] rebuilding @ http://localhost:3000/_next/static/chunks/0fj1_next_dist_04rjxlk._.js:1226
[ 1721189ms] [INFO] %cDownload the React DevTools for a better development experience: https://react.dev/link/react-devtools font-weight:bold @ http://localhost:3000/_next/static/chunks/0fj1_next_dist_02rr1v5._.js:2431
[ 1721233ms] [VERBOSE] [DOM] Input elements should have autocomplete attributes (suggested: "new-password"): (More info: https://goo.gl/9p2vKq) %o @ http://localhost:3000/register:0
[ 1721234ms] [VERBOSE] [DOM] Input elements should have autocomplete attributes (suggested: "new-password"): (More info: https://goo.gl/9p2vKq) %o @ http://localhost:3000/register:0
[ 1721238ms] [LOG] [HMR] connected @ http://localhost:3000/_next/static/chunks/0fj1_next_dist_02rr1v5._.js:2431
[ 1770449ms] [ERROR] WebSocket connection to 'ws://localhost:3000/_next/webpack-hmr?id=pJSKbwd0fOGWQZzYiV9d6' failed: Error in connection establishment: net::ERR_CONNECTION_REFUSED @ http://localhost:3000/_next/static/chunks/0fj1_next_dist_client_02ewzwy._.js:13299
[ 1771451ms] [ERROR] WebSocket connection to 'ws://localhost:3000/_next/webpack-hmr?id=pJSKbwd0fOGWQZzYiV9d6' failed: Error in connection establishment: net::ERR_CONNECTION_REFUSED @ http://localhost:3000/_next/static/chunks/0fj1_next_dist_client_02ewzwy._.js:13299
[ 1772453ms] [ERROR] WebSocket connection to 'ws://localhost:3000/_next/webpack-hmr?id=pJSKbwd0fOGWQZzYiV9d6' failed: Error in connection establishment: net::ERR_CONNECTION_REFUSED @ http://localhost:3000/_next/static/chunks/0fj1_next_dist_client_02ewzwy._.js:13299
[ 1773456ms] [ERROR] WebSocket connection to 'ws://localhost:3000/_next/webpack-hmr?id=pJSKbwd0fOGWQZzYiV9d6' failed: Error in connection establishment: net::ERR_CONNECTION_REFUSED @ http://localhost:3000/_next/static/chunks/0fj1_next_dist_client_02ewzwy._.js:13299
[ 1774459ms] [ERROR] WebSocket connection to 'ws://localhost:3000/_next/webpack-hmr?id=pJSKbwd0fOGWQZzYiV9d6' failed: Error in connection establishment: net::ERR_CONNECTION_REFUSED @ http://localhost:3000/_next/static/chunks/0fj1_next_dist_client_02ewzwy._.js:13299
[ 1779462ms] [ERROR] WebSocket connection to 'ws://localhost:3000/_next/webpack-hmr?id=pJSKbwd0fOGWQZzYiV9d6' failed: Error in connection establishment: net::ERR_CONNECTION_REFUSED @ http://localhost:3000/_next/static/chunks/0fj1_next_dist_client_02ewzwy._.js:13299
[ 1784466ms] [ERROR] WebSocket connection to 'ws://localhost:3000/_next/webpack-hmr?id=pJSKbwd0fOGWQZzYiV9d6' failed: Error in connection establishment: net::ERR_CONNECTION_REFUSED @ http://localhost:3000/_next/static/chunks/0fj1_next_dist_client_02ewzwy._.js:13299
[ 1789468ms] [ERROR] WebSocket connection to 'ws://localhost:3000/_next/webpack-hmr?id=pJSKbwd0fOGWQZzYiV9d6' failed: Error in connection establishment: net::ERR_CONNECTION_REFUSED @ http://localhost:3000/_next/static/chunks/0fj1_next_dist_client_02ewzwy._.js:13299
[ 1794472ms] [ERROR] WebSocket connection to 'ws://localhost:3000/_next/webpack-hmr?id=pJSKbwd0fOGWQZzYiV9d6' failed: Error in connection establishment: net::ERR_CONNECTION_REFUSED @ http://localhost:3000/_next/static/chunks/0fj1_next_dist_client_02ewzwy._.js:13299
[ 1799478ms] [ERROR] WebSocket connection to 'ws://localhost:3000/_next/webpack-hmr?id=pJSKbwd0fOGWQZzYiV9d6' failed: Error in connection establishment: net::ERR_CONNECTION_REFUSED @ http://localhost:3000/_next/static/chunks/0fj1_next_dist_client_02ewzwy._.js:13299
[ 1804485ms] [ERROR] WebSocket connection to 'ws://localhost:3000/_next/webpack-hmr?id=pJSKbwd0fOGWQZzYiV9d6' failed: Error in connection establishment: net::ERR_CONNECTION_REFUSED @ http://localhost:3000/_next/static/chunks/0fj1_next_dist_client_02ewzwy._.js:13299
[ 1809491ms] [ERROR] WebSocket connection to 'ws://localhost:3000/_next/webpack-hmr?id=pJSKbwd0fOGWQZzYiV9d6' failed: Error in connection establishment: net::ERR_CONNECTION_REFUSED @ http://localhost:3000/_next/static/chunks/0fj1_next_dist_client_02ewzwy._.js:13299
[ 2209124ms] [INFO] %cDownload the React DevTools for a better development experience: https://react.dev/link/react-devtools font-weight:bold @ http://localhost:3000/_next/static/chunks/0fj1_next_dist_02rr1v5._.js:2431
[ 2209179ms] [VERBOSE] [DOM] Input elements should have autocomplete attributes (suggested: "new-password"): (More info: https://goo.gl/9p2vKq) %o @ http://localhost:3000/register:0
[ 2209180ms] [VERBOSE] [DOM] Input elements should have autocomplete attributes (suggested: "new-password"): (More info: https://goo.gl/9p2vKq) %o @ http://localhost:3000/register:0
[ 2209184ms] [LOG] [HMR] connected @ http://localhost:3000/_next/static/chunks/0fj1_next_dist_02rr1v5._.js:2431
[ 2310605ms] [LOG] [Fast Refresh] rebuilding @ http://localhost:3000/_next/static/chunks/0fj1_next_dist_02rr1v5._.js:2431
[ 2311649ms] [ERROR] Failed to load resource: the server responded with a status of 500 (Internal Server Error) @ http://localhost:3000/register?_rsc=4nfpm:0
[ 2312494ms] [ERROR] Failed to load resource: the server responded with a status of 500 (Internal Server Error) @ http://localhost:3000/register:0
[ 2312793ms] [INFO] %cDownload the React DevTools for a better development experience: https://react.dev/link/react-devtools font-weight:bold @ http://localhost:3000/_next/static/chunks/02c8_react-dom_03qx55-._.js:15305
[ 2312929ms] Error: Could not parse module '[project]/Documents/code/DemoProjects/TodoApp/todo_frontend/proxy.ts', file not found
    at module evaluation (file:///home/zenox9867/Documents/code/DemoProjects/TodoApp/todo_frontend/.next/dev/server/chunks/[root-of-the-server]__0249t_d._.js:70:11)
    at <unknown> (file:///home/zenox9867/Documents/code/DemoProjects/TodoApp/todo_frontend/.next/dev/server/chunks/[turbopack]_runtime.js:1291:27)
    at runWithHooks (file:///home/zenox9867/Documents/code/DemoProjects/TodoApp/todo_frontend/.next/dev/server/chunks/[turbopack]_runtime.js:1554:9)
    at instantiateModuleShared (file:///home/zenox9867/Documents/code/DemoProjects/TodoApp/todo_frontend/.next/dev/server/chunks/[turbopack]_runtime.js:1289:9)
    at instantiateModule (file:///home/zenox9867/Documents/code/DemoProjects/TodoApp/todo_frontend/.next/dev/server/chunks/[turbopack]_runtime.js:1557:23)
    at getOrInstantiateModuleFromParent (file:///home/zenox9867/Documents/code/DemoProjects/TodoApp/todo_frontend/.next/dev/server/chunks/[turbopack]_runtime.js:1593:23)
    at Context.esmImport [as i] (file:///home/zenox9867/Documents/code/DemoProjects/TodoApp/todo_frontend/.next/dev/server/chunks/[turbopack]_runtime.js:281:20)
    at module evaluation (file:///home/zenox9867/Documents/code/DemoProjects/TodoApp/todo_frontend/.next/dev/server/chunks/0fj1_next_dist_11zmvfc._.js:13403:196)
    at <unknown> (file:///home/zenox9867/Documents/code/DemoProjects/TodoApp/todo_frontend/.next/dev/server/chunks/[turbopack]_runtime.js:1291:27)
    at runWithHooks (file:///home/zenox9867/Documents/code/DemoProjects/TodoApp/todo_frontend/.next/dev/server/chunks/[turbopack]_runtime.js:1554:9)
    at instantiateModuleShared (file:///home/zenox9867/Documents/code/DemoProjects/TodoApp/todo_frontend/.next/dev/server/chunks/[turbopack]_runtime.js:1289:9)
    at instantiateModule (file:///home/zenox9867/Documents/code/DemoProjects/TodoApp/todo_frontend/.next/dev/server/chunks/[turbopack]_runtime.js:1557:23)
    at instantiateRuntimeModule (file:///home/zenox9867/Documents/code/DemoProjects/TodoApp/todo_frontend/.next/dev/server/chunks/[turbopack]_runtime.js:1564:12)
    at getOrInstantiateRuntimeModule (file:///home/zenox9867/Documents/code/DemoProjects/TodoApp/todo_frontend/.next/dev/server/chunks/[turbopack]_runtime.js:1577:12)
    at Object.m (file:///home/zenox9867/Documents/code/DemoProjects/TodoApp/todo_frontend/.next/dev/server/chunks/[turbopack]_runtime.js:1599:18)
    at Object.<anonymous> (file:///home/zenox9867/Documents/code/DemoProjects/TodoApp/todo_frontend/.next/dev/server/middleware.js:4:3)
    at Module._compile (node:internal/modules/cjs/loader:1761:14)
    at Object..js (node:internal/modules/cjs/loader:1893:10)
    at Module.load (node:internal/modules/cjs/loader:1481:32)
    at Module._load (node:internal/modules/cjs/loader:1300:12)
    at TracingChannel.traceSync (node:diagnostics_channel:328:14)
    at wrapModuleLoad (node:internal/modules/cjs/loader:245:24)
    at Module.<anonymous> (node:internal/modules/cjs/loader:1504:12)
    at mod.require (file:///home/zenox9867/Documents/code/DemoProjects/TodoApp/todo_frontend/node_modules/.pnpm/next@16.2.1_@babel+core@7.29.0_react-dom@19.2.4_react@19.2.4__react@19.2.4/node_modules/next/dist/server/require-hook.js:79:28)
    at require (node:internal/modules/helpers:152:16)
    at DevServer.loadNodeMiddleware (file:///home/zenox9867/Documents/code/DemoProjects/TodoApp/todo_frontend/node_modules/.pnpm/next@16.2.1_@babel+core@7.29.0_react-dom@19.2.4_react@19.2.4__react@19.2.4/node_modules/next/dist/server/next-server.js:1072:28)
    at DevServer.runMiddleware (file:///home/zenox9867/Documents/code/DemoProjects/TodoApp/todo_frontend/node_modules/.pnpm/next@16.2.1_@babel+core@7.29.0_react-dom@19.2.4_react@19.2.4__react@19.2.4/node_modules/next/dist/server/next-server.js:1182:43)
    at async DevServer.runMiddleware (file:///home/zenox9867/Documents/code/DemoProjects/TodoApp/todo_frontend/node_modules/.pnpm/next@16.2.1_@babel+core@7.29.0_react-dom@19.2.4_react@19.2.4__react@19.2.4/node_modules/next/dist/server/dev/next-dev-server.js:278:28)
    at async NextNodeServer.handleCatchallMiddlewareRequest (file:///home/zenox9867/Documents/code/DemoProjects/TodoApp/todo_frontend/node_modules/.pnpm/next@16.2.1_@babel+core@7.29.0_react-dom@19.2.4_react@19.2.4__react@19.2.4/node_modules/next/dist/server/next-server.js:392:26)
    at async DevServer.handleRequestImpl (file:///home/zenox9867/Documents/code/DemoProjects/TodoApp/todo_frontend/node_modules/.pnpm/next@16.2.1_@babel+core@7.29.0_react-dom@19.2.4_react@19.2.4__react@19.2.4/node_modules/next/dist/server/base-server.js:940:28)
    at async (file:///home/zenox9867/Documents/code/DemoProjects/TodoApp/todo_frontend/node_modules/.pnpm/next@16.2.1_@babel+core@7.29.0_react-dom@19.2.4_react@19.2.4__react@19.2.4/node_modules/next/dist/server/dev/next-dev-server.js:394:20)
    at async Span.traceAsyncFn (file:///home/zenox9867/Documents/code/DemoProjects/TodoApp/todo_frontend/node_modules/.pnpm/next@16.2.1_@babel+core@7.29.0_react-dom@19.2.4_react@19.2.4__react@19.2.4/node_modules/next/dist/trace/trace.js:164:20)
    at async DevServer.handleRequest (file:///home/zenox9867/Documents/code/DemoProjects/TodoApp/todo_frontend/node_modules/.pnpm/next@16.2.1_@babel+core@7.29.0_react-dom@19.2.4_react@19.2.4__react@19.2.4/node_modules/next/dist/server/dev/next-dev-server.js:390:24)
    at async handleRoute (file:///home/zenox9867/Documents/code/DemoProjects/TodoApp/todo_frontend/node_modules/.pnpm/next@16.2.1_@babel+core@7.29.0_react-dom@19.2.4_react@19.2.4__react@19.2.4/node_modules/next/dist/server/lib/router-utils/resolve-routes.js:352:33)
    at async resolveRoutes (file:///home/zenox9867/Documents/code/DemoProjects/TodoApp/todo_frontend/node_modules/.pnpm/next@16.2.1_@babel+core@7.29.0_react-dom@19.2.4_react@19.2.4__react@19.2.4/node_modules/next/dist/server/lib/router-utils/resolve-routes.js:608:28)
    at async handleRequest (file:///home/zenox9867/Documents/code/DemoProjects/TodoApp/todo_frontend/node_modules/.pnpm/next@16.2.1_@babel+core@7.29.0_react-dom@19.2.4_react@19.2.4__react@19.2.4/node_modules/next/dist/server/lib/router-server.js:301:96)
    at async requestHandlerImpl (file:///home/zenox9867/Documents/code/DemoProjects/TodoApp/todo_frontend/node_modules/.pnpm/next@16.2.1_@babel+core@7.29.0_react-dom@19.2.4_react@19.2.4__react@19.2.4/node_modules/next/dist/server/lib/router-server.js:501:13)
    at async Server.requestListener (file:///home/zenox9867/Documents/code/DemoProjects/TodoApp/todo_frontend/node_modules/.pnpm/next@16.2.1_@babel+core@7.29.0_react-dom@19.2.4_react@19.2.4__react@19.2.4/node_modules/next/dist/server/lib/start-server.js:225:13)
[ 2312927ms] [LOG] [HMR] connected @ http://localhost:3000/_next/static/chunks/0fj1_next_dist_04rjxlk._.js:1226
[ 2332765ms] [ERROR] Failed to load resource: the server responded with a status of 500 (Internal Server Error) @ http://localhost:3000/register:0
[ 2333217ms] [INFO] %cDownload the React DevTools for a better development experience: https://react.dev/link/react-devtools font-weight:bold @ http://localhost:3000/_next/static/chunks/02c8_react-dom_03qx55-._.js:15305
[ 2333245ms] Error: Could not parse module '[project]/Documents/code/DemoProjects/TodoApp/todo_frontend/proxy.ts', file not found
    at module evaluation (file:///home/zenox9867/Documents/code/DemoProjects/TodoApp/todo_frontend/.next/dev/server/chunks/[root-of-the-server]__0249t_d._.js:70:11)
    at <unknown> (file:///home/zenox9867/Documents/code/DemoProjects/TodoApp/todo_frontend/.next/dev/server/chunks/[turbopack]_runtime.js:1291:27)
    at runWithHooks (file:///home/zenox9867/Documents/code/DemoProjects/TodoApp/todo_frontend/.next/dev/server/chunks/[turbopack]_runtime.js:1554:9)
    at instantiateModuleShared (file:///home/zenox9867/Documents/code/DemoProjects/TodoApp/todo_frontend/.next/dev/server/chunks/[turbopack]_runtime.js:1289:9)
    at instantiateModule (file:///home/zenox9867/Documents/code/DemoProjects/TodoApp/todo_frontend/.next/dev/server/chunks/[turbopack]_runtime.js:1557:23)
    at getOrInstantiateModuleFromParent (file:///home/zenox9867/Documents/code/DemoProjects/TodoApp/todo_frontend/.next/dev/server/chunks/[turbopack]_runtime.js:1593:23)
    at Context.esmImport [as i] (file:///home/zenox9867/Documents/code/DemoProjects/TodoApp/todo_frontend/.next/dev/server/chunks/[turbopack]_runtime.js:281:20)
    at module evaluation (file:///home/zenox9867/Documents/code/DemoProjects/TodoApp/todo_frontend/.next/dev/server/chunks/0fj1_next_dist_11zmvfc._.js:13403:196)
    at <unknown> (file:///home/zenox9867/Documents/code/DemoProjects/TodoApp/todo_frontend/.next/dev/server/chunks/[turbopack]_runtime.js:1291:27)
    at runWithHooks (file:///home/zenox9867/Documents/code/DemoProjects/TodoApp/todo_frontend/.next/dev/server/chunks/[turbopack]_runtime.js:1554:9)
    at instantiateModuleShared (file:///home/zenox9867/Documents/code/DemoProjects/TodoApp/todo_frontend/.next/dev/server/chunks/[turbopack]_runtime.js:1289:9)
    at instantiateModule (file:///home/zenox9867/Documents/code/DemoProjects/TodoApp/todo_frontend/.next/dev/server/chunks/[turbopack]_runtime.js:1557:23)
    at instantiateRuntimeModule (file:///home/zenox9867/Documents/code/DemoProjects/TodoApp/todo_frontend/.next/dev/server/chunks/[turbopack]_runtime.js:1564:12)
    at getOrInstantiateRuntimeModule (file:///home/zenox9867/Documents/code/DemoProjects/TodoApp/todo_frontend/.next/dev/server/chunks/[turbopack]_runtime.js:1577:12)
    at Object.m (file:///home/zenox9867/Documents/code/DemoProjects/TodoApp/todo_frontend/.next/dev/server/chunks/[turbopack]_runtime.js:1599:18)
    at Object.<anonymous> (file:///home/zenox9867/Documents/code/DemoProjects/TodoApp/todo_frontend/.next/dev/server/middleware.js:4:3)
    at Module._compile (node:internal/modules/cjs/loader:1761:14)
    at Object..js (node:internal/modules/cjs/loader:1893:10)
    at Module.load (node:internal/modules/cjs/loader:1481:32)
    at Module._load (node:internal/modules/cjs/loader:1300:12)
    at TracingChannel.traceSync (node:diagnostics_channel:328:14)
    at wrapModuleLoad (node:internal/modules/cjs/loader:245:24)
    at Module.<anonymous> (node:internal/modules/cjs/loader:1504:12)
    at mod.require (file:///home/zenox9867/Documents/code/DemoProjects/TodoApp/todo_frontend/node_modules/.pnpm/next@16.2.1_@babel+core@7.29.0_react-dom@19.2.4_react@19.2.4__react@19.2.4/node_modules/next/dist/server/require-hook.js:79:28)
    at require (node:internal/modules/helpers:152:16)
    at DevServer.loadNodeMiddleware (file:///home/zenox9867/Documents/code/DemoProjects/TodoApp/todo_frontend/node_modules/.pnpm/next@16.2.1_@babel+core@7.29.0_react-dom@19.2.4_react@19.2.4__react@19.2.4/node_modules/next/dist/server/next-server.js:1072:28)
    at DevServer.runMiddleware (file:///home/zenox9867/Documents/code/DemoProjects/TodoApp/todo_frontend/node_modules/.pnpm/next@16.2.1_@babel+core@7.29.0_react-dom@19.2.4_react@19.2.4__react@19.2.4/node_modules/next/dist/server/next-server.js:1182:43)
    at async DevServer.runMiddleware (file:///home/zenox9867/Documents/code/DemoProjects/TodoApp/todo_frontend/node_modules/.pnpm/next@16.2.1_@babel+core@7.29.0_react-dom@19.2.4_react@19.2.4__react@19.2.4/node_modules/next/dist/server/dev/next-dev-server.js:278:28)
    at async NextNodeServer.handleCatchallMiddlewareRequest (file:///home/zenox9867/Documents/code/DemoProjects/TodoApp/todo_frontend/node_modules/.pnpm/next@16.2.1_@babel+core@7.29.0_react-dom@19.2.4_react@19.2.4__react@19.2.4/node_modules/next/dist/server/next-server.js:392:26)
    at async DevServer.handleRequestImpl (file:///home/zenox9867/Documents/code/DemoProjects/TodoApp/todo_frontend/node_modules/.pnpm/next@16.2.1_@babel+core@7.29.0_react-dom@19.2.4_react@19.2.4__react@19.2.4/node_modules/next/dist/server/base-server.js:940:28)
    at async (file:///home/zenox9867/Documents/code/DemoProjects/TodoApp/todo_frontend/node_modules/.pnpm/next@16.2.1_@babel+core@7.29.0_react-dom@19.2.4_react@19.2.4__react@19.2.4/node_modules/next/dist/server/dev/next-dev-server.js:394:20)
    at async Span.traceAsyncFn (file:///home/zenox9867/Documents/code/DemoProjects/TodoApp/todo_frontend/node_modules/.pnpm/next@16.2.1_@babel+core@7.29.0_react-dom@19.2.4_react@19.2.4__react@19.2.4/node_modules/next/dist/trace/trace.js:164:20)
    at async DevServer.handleRequest (file:///home/zenox9867/Documents/code/DemoProjects/TodoApp/todo_frontend/node_modules/.pnpm/next@16.2.1_@babel+core@7.29.0_react-dom@19.2.4_react@19.2.4__react@19.2.4/node_modules/next/dist/server/dev/next-dev-server.js:390:24)
    at async handleRoute (file:///home/zenox9867/Documents/code/DemoProjects/TodoApp/todo_frontend/node_modules/.pnpm/next@16.2.1_@babel+core@7.29.0_react-dom@19.2.4_react@19.2.4__react@19.2.4/node_modules/next/dist/server/lib/router-utils/resolve-routes.js:352:33)
    at async resolveRoutes (file:///home/zenox9867/Documents/code/DemoProjects/TodoApp/todo_frontend/node_modules/.pnpm/next@16.2.1_@babel+core@7.29.0_react-dom@19.2.4_react@19.2.4__react@19.2.4/node_modules/next/dist/server/lib/router-utils/resolve-routes.js:608:28)
    at async handleRequest (file:///home/zenox9867/Documents/code/DemoProjects/TodoApp/todo_frontend/node_modules/.pnpm/next@16.2.1_@babel+core@7.29.0_react-dom@19.2.4_react@19.2.4__react@19.2.4/node_modules/next/dist/server/lib/router-server.js:301:96)
    at async requestHandlerImpl (file:///home/zenox9867/Documents/code/DemoProjects/TodoApp/todo_frontend/node_modules/.pnpm/next@16.2.1_@babel+core@7.29.0_react-dom@19.2.4_react@19.2.4__react@19.2.4/node_modules/next/dist/server/lib/router-server.js:501:13)
    at async Server.requestListener (file:///home/zenox9867/Documents/code/DemoProjects/TodoApp/todo_frontend/node_modules/.pnpm/next@16.2.1_@babel+core@7.29.0_react-dom@19.2.4_react@19.2.4__react@19.2.4/node_modules/next/dist/server/lib/start-server.js:225:13)
[ 2333261ms] [LOG] [HMR] connected @ http://localhost:3000/_next/static/chunks/0fj1_next_dist_04rjxlk._.js:1226
[ 2373446ms] [ERROR] Failed to load resource: the server responded with a status of 500 (Internal Server Error) @ http://localhost:3000/todos:0
[ 2377304ms] [INFO] %cDownload the React DevTools for a better development experience: https://react.dev/link/react-devtools font-weight:bold @ http://localhost:3000/_next/static/chunks/02c8_react-dom_03qx55-._.js:15305
[ 2377318ms] Error: Could not parse module '[project]/Documents/code/DemoProjects/TodoApp/todo_frontend/proxy.ts', file not found
    at module evaluation (file:///home/zenox9867/Documents/code/DemoProjects/TodoApp/todo_frontend/.next/dev/server/chunks/[root-of-the-server]__0249t_d._.js:70:11)
    at <unknown> (file:///home/zenox9867/Documents/code/DemoProjects/TodoApp/todo_frontend/.next/dev/server/chunks/[turbopack]_runtime.js:1291:27)
    at runWithHooks (file:///home/zenox9867/Documents/code/DemoProjects/TodoApp/todo_frontend/.next/dev/server/chunks/[turbopack]_runtime.js:1554:9)
    at instantiateModuleShared (file:///home/zenox9867/Documents/code/DemoProjects/TodoApp/todo_frontend/.next/dev/server/chunks/[turbopack]_runtime.js:1289:9)
    at instantiateModule (file:///home/zenox9867/Documents/code/DemoProjects/TodoApp/todo_frontend/.next/dev/server/chunks/[turbopack]_runtime.js:1557:23)
    at getOrInstantiateModuleFromParent (file:///home/zenox9867/Documents/code/DemoProjects/TodoApp/todo_frontend/.next/dev/server/chunks/[turbopack]_runtime.js:1593:23)
    at Context.esmImport [as i] (file:///home/zenox9867/Documents/code/DemoProjects/TodoApp/todo_frontend/.next/dev/server/chunks/[turbopack]_runtime.js:281:20)
    at module evaluation (file:///home/zenox9867/Documents/code/DemoProjects/TodoApp/todo_frontend/.next/dev/server/chunks/0fj1_next_dist_11zmvfc._.js:13403:196)
    at <unknown> (file:///home/zenox9867/Documents/code/DemoProjects/TodoApp/todo_frontend/.next/dev/server/chunks/[turbopack]_runtime.js:1291:27)
    at runWithHooks (file:///home/zenox9867/Documents/code/DemoProjects/TodoApp/todo_frontend/.next/dev/server/chunks/[turbopack]_runtime.js:1554:9)
    at instantiateModuleShared (file:///home/zenox9867/Documents/code/DemoProjects/TodoApp/todo_frontend/.next/dev/server/chunks/[turbopack]_runtime.js:1289:9)
    at instantiateModule (file:///home/zenox9867/Documents/code/DemoProjects/TodoApp/todo_frontend/.next/dev/server/chunks/[turbopack]_runtime.js:1557:23)
    at instantiateRuntimeModule (file:///home/zenox9867/Documents/code/DemoProjects/TodoApp/todo_frontend/.next/dev/server/chunks/[turbopack]_runtime.js:1564:12)
    at getOrInstantiateRuntimeModule (file:///home/zenox9867/Documents/code/DemoProjects/TodoApp/todo_frontend/.next/dev/server/chunks/[turbopack]_runtime.js:1577:12)
    at Object.m (file:///home/zenox9867/Documents/code/DemoProjects/TodoApp/todo_frontend/.next/dev/server/chunks/[turbopack]_runtime.js:1599:18)
    at Object.<anonymous> (file:///home/zenox9867/Documents/code/DemoProjects/TodoApp/todo_frontend/.next/dev/server/middleware.js:4:3)
    at Module._compile (node:internal/modules/cjs/loader:1761:14)
    at Object..js (node:internal/modules/cjs/loader:1893:10)
    at Module.load (node:internal/modules/cjs/loader:1481:32)
    at Module._load (node:internal/modules/cjs/loader:1300:12)
    at TracingChannel.traceSync (node:diagnostics_channel:328:14)
    at wrapModuleLoad (node:internal/modules/cjs/loader:245:24)
    at Module.<anonymous> (node:internal/modules/cjs/loader:1504:12)
    at mod.require (file:///home/zenox9867/Documents/code/DemoProjects/TodoApp/todo_frontend/node_modules/.pnpm/next@16.2.1_@babel+core@7.29.0_react-dom@19.2.4_react@19.2.4__react@19.2.4/node_modules/next/dist/server/require-hook.js:79:28)
    at require (node:internal/modules/helpers:152:16)
    at DevServer.loadNodeMiddleware (file:///home/zenox9867/Documents/code/DemoProjects/TodoApp/todo_frontend/node_modules/.pnpm/next@16.2.1_@babel+core@7.29.0_react-dom@19.2.4_react@19.2.4__react@19.2.4/node_modules/next/dist/server/next-server.js:1072:28)
    at DevServer.runMiddleware (file:///home/zenox9867/Documents/code/DemoProjects/TodoApp/todo_frontend/node_modules/.pnpm/next@16.2.1_@babel+core@7.29.0_react-dom@19.2.4_react@19.2.4__react@19.2.4/node_modules/next/dist/server/next-server.js:1182:43)
    at async DevServer.runMiddleware (file:///home/zenox9867/Documents/code/DemoProjects/TodoApp/todo_frontend/node_modules/.pnpm/next@16.2.1_@babel+core@7.29.0_react-dom@19.2.4_react@19.2.4__react@19.2.4/node_modules/next/dist/server/dev/next-dev-server.js:278:28)
    at async NextNodeServer.handleCatchallMiddlewareRequest (file:///home/zenox9867/Documents/code/DemoProjects/TodoApp/todo_frontend/node_modules/.pnpm/next@16.2.1_@babel+core@7.29.0_react-dom@19.2.4_react@19.2.4__react@19.2.4/node_modules/next/dist/server/next-server.js:392:26)
    at async DevServer.handleRequestImpl (file:///home/zenox9867/Documents/code/DemoProjects/TodoApp/todo_frontend/node_modules/.pnpm/next@16.2.1_@babel+core@7.29.0_react-dom@19.2.4_react@19.2.4__react@19.2.4/node_modules/next/dist/server/base-server.js:940:28)
    at async (file:///home/zenox9867/Documents/code/DemoProjects/TodoApp/todo_frontend/node_modules/.pnpm/next@16.2.1_@babel+core@7.29.0_react-dom@19.2.4_react@19.2.4__react@19.2.4/node_modules/next/dist/server/dev/next-dev-server.js:394:20)
    at async Span.traceAsyncFn (file:///home/zenox9867/Documents/code/DemoProjects/TodoApp/todo_frontend/node_modules/.pnpm/next@16.2.1_@babel+core@7.29.0_react-dom@19.2.4_react@19.2.4__react@19.2.4/node_modules/next/dist/trace/trace.js:164:20)
    at async DevServer.handleRequest (file:///home/zenox9867/Documents/code/DemoProjects/TodoApp/todo_frontend/node_modules/.pnpm/next@16.2.1_@babel+core@7.29.0_react-dom@19.2.4_react@19.2.4__react@19.2.4/node_modules/next/dist/server/dev/next-dev-server.js:390:24)
    at async handleRoute (file:///home/zenox9867/Documents/code/DemoProjects/TodoApp/todo_frontend/node_modules/.pnpm/next@16.2.1_@babel+core@7.29.0_react-dom@19.2.4_react@19.2.4__react@19.2.4/node_modules/next/dist/server/lib/router-utils/resolve-routes.js:352:33)
    at async resolveRoutes (file:///home/zenox9867/Documents/code/DemoProjects/TodoApp/todo_frontend/node_modules/.pnpm/next@16.2.1_@babel+core@7.29.0_react-dom@19.2.4_react@19.2.4__react@19.2.4/node_modules/next/dist/server/lib/router-utils/resolve-routes.js:608:28)
    at async handleRequest (file:///home/zenox9867/Documents/code/DemoProjects/TodoApp/todo_frontend/node_modules/.pnpm/next@16.2.1_@babel+core@7.29.0_react-dom@19.2.4_react@19.2.4__react@19.2.4/node_modules/next/dist/server/lib/router-server.js:301:96)
    at async requestHandlerImpl (file:///home/zenox9867/Documents/code/DemoProjects/TodoApp/todo_frontend/node_modules/.pnpm/next@16.2.1_@babel+core@7.29.0_react-dom@19.2.4_react@19.2.4__react@19.2.4/node_modules/next/dist/server/lib/router-server.js:501:13)
    at async Server.requestListener (file:///home/zenox9867/Documents/code/DemoProjects/TodoApp/todo_frontend/node_modules/.pnpm/next@16.2.1_@babel+core@7.29.0_react-dom@19.2.4_react@19.2.4__react@19.2.4/node_modules/next/dist/server/lib/start-server.js:225:13)
[ 2377771ms] [LOG] [HMR] connected @ http://localhost:3000/_next/static/chunks/0fj1_next_dist_04rjxlk._.js:1226
